"","healthy_SRR10080507","healthy_SRR10080508","PDAC_SRR10080544","PDAC_SRR10080545"
"ALR/Alpha",56.0061095609196,53.9545502535466,54.8040806369129,55.2553556912414
"DDX11L1",63.5323717037985,180.697780919681,151.619299281986,228.335427222113
"L1PA3",55.2553556912414,55.2553556912414,55.2553556912414,54.2409917025135
